scripts/kconfig/conf  --silentoldconfig Kconfig
drivers/input/touchscreen/focaltech_touch/Kconfig:5:warning: ignoring type redefinition of 'TOUCHSCREEN_FTS' from 'tristate' to 'boolean'
drivers/input/touchscreen/ili9882n/Kconfig:4:warning: ignoring type redefinition of 'TOUCHSCREEN_ILI9882N' from 'tristate' to 'boolean'
*
* Restart config...
*
*
* General setup
*
Cross-compiler tool prefix (CROSS_COMPILE) [] 
Compile also drivers which will not load (COMPILE_TEST) [N/y/?] n
Local version - append to kernel release (LOCALVERSION) [] 
Automatically append version information to the version string (LOCALVERSION_AUTO) [Y/n/?] y
Kernel compression mode
> 1. Gzip (KERNEL_GZIP) (NEW)
  2. Bzip2 (KERNEL_BZIP2) (NEW)
  3. LZMA (KERNEL_LZMA) (NEW)
  4. XZ (KERNEL_XZ) (NEW)
  5. LZO (KERNEL_LZO) (NEW)
  6. LZ4 (KERNEL_LZ4) (NEW)
choice[1-6?]: aborted!

Console input/output is redirected. Run 'make oldconfig' to update configuration.

make[2]: *** [scripts/kconfig/Makefile:40：silentoldconfig] 错误 1
make[1]: *** [Makefile:544：silentoldconfig] 错误 2
  SYSTBL  arch/x86/include/generated/asm/syscalls_32.h
  SYSHDR  arch/x86/include/generated/uapi/asm/unistd_64.h
  SYSHDR  arch/x86/include/generated/uapi/asm/unistd_32.h
make: *** 没有规则可制作目标“include/config/auto.conf”，由“include/config/kernel.release” 需求。 停止。
make: *** 正在等待未完成的任务....
  SYSHDR  arch/x86/include/generated/uapi/asm/unistd_x32.h
